../Core/Src/main.c:82:5:main	152	static
../Core/Src/main.c:202:6:SystemClock_Config	88	static
../Core/Src/main.c:250:13:MX_ADC1_Init	24	static
../Core/Src/main.c:311:13:MX_USART1_UART_Init	8	static
../Core/Src/main.c:344:13:MX_USART2_UART_Init	8	static
../Core/Src/main.c:375:13:MX_DMA_Init	16	static
../Core/Src/main.c:393:13:MX_GPIO_Init	48	static
../Core/Src/main.c:428:6:HAL_ADC_ConvCplt_Callback	16	static
../Core/Src/main.c:432:6:HAL_UART_RxCpltCallback	16	static
../Core/Src/main.c:452:6:Error_Handler	4	static,ignoring_inline_asm
