../Core/Src/main.c:88:5:main	8	static
../Core/Src/main.c:169:6:SystemClock_Config	88	static
../Core/Src/main.c:217:13:MX_TIM2_Init	48	static
../Core/Src/main.c:275:13:MX_TIM6_Init	16	static
../Core/Src/main.c:313:13:MX_TIM7_Init	16	static
../Core/Src/main.c:351:13:MX_USART2_UART_Init	8	static
../Core/Src/main.c:384:13:MX_GPIO_Init	48	static
../Core/Src/main.c:429:6:HAL_TIM_IC_CaptureCallback	16	static
../Core/Src/main.c:444:6:HAL_TIM_PeriodElapsedCallback	16	static
../Core/Src/main.c:459:6:Error_Handler	4	static,ignoring_inline_asm
