../Core/Src/main.c:136:6:generarSin	16	static
../Core/Src/main.c:143:5:calcularARR	24	static
../Core/Src/main.c:151:5:presForFrequency	16	static
../Core/Src/main.c:160:6:playTone	40	static
../Core/Src/main.c:178:6:playTone2	40	static
../Core/Src/main.c:199:6:playTonePRE	40	static
../Core/Src/main.c:218:6:noTone	4	static
../Core/Src/main.c:222:6:noTone2	4	static
../Core/Src/main.c:232:5:main	72	static
../Core/Src/main.c:326:6:SystemClock_Config	88	static
../Core/Src/main.c:374:13:MX_DAC_Init	16	static
../Core/Src/main.c:414:13:MX_TIM2_Init	64	static
../Core/Src/main.c:473:13:MX_TIM6_Init	16	static
../Core/Src/main.c:511:13:MX_USART2_UART_Init	8	static
../Core/Src/main.c:542:13:MX_DMA_Init	16	static
../Core/Src/main.c:560:13:MX_GPIO_Init	48	static
../Core/Src/main.c:595:6:HAL_UART_RxCpltCallback	16	static
../Core/Src/main.c:613:6:Error_Handler	4	static,ignoring_inline_asm
