00:17:31 **** Incremental Build of configuration Debug for project Laboratorio7 ****
make -j16 all 
arm-none-eabi-gcc "../Core/Src/main.c" -mcpu=cortex-m4 -std=gnu11 -g3 -DDEBUG -DUSE_HAL_DRIVER -DSTM32F446xx -c -I../Core/Inc -I../Drivers/STM32F4xx_HAL_Driver/Inc -I../Drivers/STM32F4xx_HAL_Driver/Inc/Legacy -I../Drivers/CMSIS/Device/ST/STM32F4xx/Include -I../Drivers/CMSIS/Include -O0 -ffunction-sections -fdata-sections -Wall -fstack-usage -fcyclomatic-complexity -MMD -MP -MF"Core/Src/main.d" -MT"Core/Src/main.o" --specs=nano.specs -mfpu=fpv4-sp-d16 -mfloat-abi=hard -mthumb -o "Core/Src/main.o"
arm-none-eabi-gcc -o "Laboratorio7.elf" @"objects.list"   -mcpu=cortex-m4 -T"C:\Users\bsmor\OneDrive\Documentos\GitHub\STM32progra\Laboratorio7\Laboratorio7\STM32F446RETX_FLASH.ld" --specs=nosys.specs -Wl,-Map="Laboratorio7.map" -Wl,--gc-sections -static --specs=nano.specs -mfpu=fpv4-sp-d16 -mfloat-abi=hard -mthumb -Wl,--start-group -lc -lm -Wl,--end-group
Finished building target: Laboratorio7.elf
 
arm-none-eabi-size  Laboratorio7.elf 
arm-none-eabi-objdump -h -S Laboratorio7.elf  > "Laboratorio7.list"
   text	   data	    bss	    dec	    hex	filename
  28132	    604	   2420	  31156	   79b4	Laboratorio7.elf
Finished building: default.size.stdout
 
Finished building: Laboratorio7.list
 
00:17:38 **** Incremental Build of configuration Debug for project Laboratorio7 ****
make -j16 all 
arm-none-eabi-size  Laboratorio7.elf 
   text	   data	    bss	    dec	    hex	filename
  28132	    604	   2420	  31156	   79b4	Laboratorio7.elf
Finished building: default.size.stdout
 
00:21:35 **** Incremental Build of configuration Debug for project Laboratorio7 ****
make -j16 all 
arm-none-eabi-gcc "../Core/Src/main.c" -mcpu=cortex-m4 -std=gnu11 -g3 -DDEBUG -DUSE_HAL_DRIVER -DSTM32F446xx -c -I../Core/Inc -I../Drivers/STM32F4xx_HAL_Driver/Inc -I../Drivers/STM32F4xx_HAL_Driver/Inc/Legacy -I../Drivers/CMSIS/Device/ST/STM32F4xx/Include -I../Drivers/CMSIS/Include -O0 -ffunction-sections -fdata-sections -Wall -fstack-usage -fcyclomatic-complexity -MMD -MP -MF"Core/Src/main.d" -MT"Core/Src/main.o" --specs=nano.specs -mfpu=fpv4-sp-d16 -mfloat-abi=hard -mthumb -o "Core/Src/main.o"
arm-none-eabi-gcc -o "Laboratorio7.elf" @"objects.list"   -mcpu=cortex-m4 -T"C:\Users\bsmor\OneDrive\Documentos\GitHub\STM32progra\Laboratorio7\Laboratorio7\STM32F446RETX_FLASH.ld" --specs=nosys.specs -Wl,-Map="Laboratorio7.map" -Wl,--gc-sections -static --specs=nano.specs -mfpu=fpv4-sp-d16 -mfloat-abi=hard -mthumb -Wl,--start-group -lc -lm -Wl,--end-group
Finished building target: Laboratorio7.elf
 
arm-none-eabi-size  Laboratorio7.elf 
arm-none-eabi-objdump -h -S Laboratorio7.elf  > "Laboratorio7.list"
   text	   data	    bss	    dec	    hex	filename
  28140	    604	   2420	  31164	   79bc	Laboratorio7.elf
Finished building: default.size.stdout
 
Finished building: Laboratorio7.list
 
00:29:10 **** Incremental Build of configuration Debug for project Laboratorio7 ****
make -j16 all 
arm-none-eabi-gcc "../Core/Src/main.c" -mcpu=cortex-m4 -std=gnu11 -g3 -DDEBUG -DUSE_HAL_DRIVER -DSTM32F446xx -c -I../Core/Inc -I../Drivers/STM32F4xx_HAL_Driver/Inc -I../Drivers/STM32F4xx_HAL_Driver/Inc/Legacy -I../Drivers/CMSIS/Device/ST/STM32F4xx/Include -I../Drivers/CMSIS/Include -O0 -ffunction-sections -fdata-sections -Wall -fstack-usage -fcyclomatic-complexity -MMD -MP -MF"Core/Src/main.d" -MT"Core/Src/main.o" --specs=nano.specs -mfpu=fpv4-sp-d16 -mfloat-abi=hard -mthumb -o "Core/Src/main.o"
arm-none-eabi-gcc -o "Laboratorio7.elf" @"objects.list"   -mcpu=cortex-m4 -T"C:\Users\bsmor\OneDrive\Documentos\GitHub\STM32progra\Laboratorio7\Laboratorio7\STM32F446RETX_FLASH.ld" --specs=nosys.specs -Wl,-Map="Laboratorio7.map" -Wl,--gc-sections -static --specs=nano.specs -mfpu=fpv4-sp-d16 -mfloat-abi=hard -mthumb -Wl,--start-group -lc -lm -Wl,--end-group
Finished building target: Laboratorio7.elf
 
arm-none-eabi-size  Laboratorio7.elf 
arm-none-eabi-objdump -h -S Laboratorio7.elf  > "Laboratorio7.list"
   text	   data	    bss	    dec	    hex	filename
  28140	    608	   2416	  31164	   79bc	Laboratorio7.elf
Finished building: default.size.stdout
 
Finished building: Laboratorio7.list
 
00:29:57 **** Incremental Build of configuration Debug for project Laboratorio7 ****
make -j16 all 
arm-none-eabi-gcc "../Core/Src/main.c" -mcpu=cortex-m4 -std=gnu11 -g3 -DDEBUG -DUSE_HAL_DRIVER -DSTM32F446xx -c -I../Core/Inc -I../Drivers/STM32F4xx_HAL_Driver/Inc -I../Drivers/STM32F4xx_HAL_Driver/Inc/Legacy -I../Drivers/CMSIS/Device/ST/STM32F4xx/Include -I../Drivers/CMSIS/Include -O0 -ffunction-sections -fdata-sections -Wall -fstack-usage -fcyclomatic-complexity -MMD -MP -MF"Core/Src/main.d" -MT"Core/Src/main.o" --specs=nano.specs -mfpu=fpv4-sp-d16 -mfloat-abi=hard -mthumb -o "Core/Src/main.o"
arm-none-eabi-gcc -o "Laboratorio7.elf" @"objects.list"   -mcpu=cortex-m4 -T"C:\Users\bsmor\OneDrive\Documentos\GitHub\STM32progra\Laboratorio7\Laboratorio7\STM32F446RETX_FLASH.ld" --specs=nosys.specs -Wl,-Map="Laboratorio7.map" -Wl,--gc-sections -static --specs=nano.specs -mfpu=fpv4-sp-d16 -mfloat-abi=hard -mthumb -Wl,--start-group -lc -lm -Wl,--end-group
Finished building target: Laboratorio7.elf
 
arm-none-eabi-size  Laboratorio7.elf 
arm-none-eabi-objdump -h -S Laboratorio7.elf  > "Laboratorio7.list"
   text	   data	    bss	    dec	    hex	filename
  28148	    608	   2416	  31172	   79c4	Laboratorio7.elf
Finished building: default.size.stdout
 
Finished building: Laboratorio7.list
 
