18:41:30 **** Incremental Build of configuration Debug for project Laboratorio5 ****
make -j16 all 
arm-none-eabi-size  Laboratorio5.elf 
   text	   data	    bss	    dec	    hex	filename
  19876	     92	   2236	  22204	   56bc	Laboratorio5.elf
Finished building: default.size.stdout
 
18:58:47 **** Incremental Build of configuration Debug for project Laboratorio5 ****
make -j16 all 
arm-none-eabi-size  Laboratorio5.elf 
   text	   data	    bss	    dec	    hex	filename
  19876	     92	   2236	  22204	   56bc	Laboratorio5.elf
Finished building: default.size.stdout
 
18:59:32 **** Incremental Build of configuration Debug for project Laboratorio5 ****
make -j16 all 
arm-none-eabi-size  Laboratorio5.elf 
   text	   data	    bss	    dec	    hex	filename
  19876	     92	   2236	  22204	   56bc	Laboratorio5.elf
Finished building: default.size.stdout
 
19:02:21 **** Incremental Build of configuration Debug for project Laboratorio5 ****
make -j16 all 
arm-none-eabi-gcc "../Core/Src/main.c" -mcpu=cortex-m4 -std=gnu11 -g3 -DDEBUG -DUSE_HAL_DRIVER -DSTM32F446xx -c -I../Core/Inc -I../Drivers/STM32F4xx_HAL_Driver/Inc -I../Drivers/STM32F4xx_HAL_Driver/Inc/Legacy -I../Drivers/CMSIS/Device/ST/STM32F4xx/Include -I../Drivers/CMSIS/Include -O0 -ffunction-sections -fdata-sections -Wall -fstack-usage -fcyclomatic-complexity -MMD -MP -MF"Core/Src/main.d" -MT"Core/Src/main.o" --specs=nano.specs -mfpu=fpv4-sp-d16 -mfloat-abi=hard -mthumb -o "Core/Src/main.o"
../Core/Src/main.c: In function 'main':
../Core/Src/main.c:136:42: warning: pointer targets in passing argument 2 of 'HAL_UART_Transmit' differ in signedness [-Wpointer-sign]
  136 |               HAL_UART_Transmit(&huart2, datoArray, strlen((char*)datoArray), 1000);
      |                                          ^~~~~~~~~
      |                                          |
      |                                          char *
In file included from ../Core/Inc/stm32f4xx_hal_conf.h:411,
                 from ../Drivers/STM32F4xx_HAL_Driver/Inc/stm32f4xx_hal.h:29,
                 from ../Core/Inc/main.h:30,
                 from ../Core/Src/main.c:20:
../Drivers/STM32F4xx_HAL_Driver/Inc/stm32f4xx_hal_uart.h:745:79: note: expected 'const uint8_t *' {aka 'const unsigned char *'} but argument is of type 'char *'
  745 | HAL_StatusTypeDef HAL_UART_Transmit(UART_HandleTypeDef *huart, const uint8_t *pData, uint16_t Size, uint32_t Timeout);
      |                                                                ~~~~~~~~~~~~~~~^~~~~
arm-none-eabi-gcc -o "Laboratorio5.elf" @"objects.list"   -mcpu=cortex-m4 -T"C:\Users\bsmor\OneDrive\Documentos\GitHub\STM32progra\Laboratorio5\Laboratorio5\STM32F446RETX_FLASH.ld" --specs=nosys.specs -Wl,-Map="Laboratorio5.map" -Wl,--gc-sections -static --specs=nano.specs -mfpu=fpv4-sp-d16 -mfloat-abi=hard -mthumb -Wl,--start-group -lc -lm -Wl,--end-group
Finished building target: Laboratorio5.elf
 
arm-none-eabi-size  Laboratorio5.elf 
arm-none-eabi-objdump -h -S Laboratorio5.elf  > "Laboratorio5.list"
   text	   data	    bss	    dec	    hex	filename
  19872	     92	   2236	  22200	   56b8	Laboratorio5.elf
Finished building: default.size.stdout
 
Finished building: Laboratorio5.list
 
