18:50:51 **** Incremental Build of configuration Debug for project Laboratorio6STM ****
make -j16 all 
arm-none-eabi-gcc "../Core/Src/main.c" -mcpu=cortex-m4 -std=gnu11 -g3 -DDEBUG -DUSE_HAL_DRIVER -DSTM32F446xx -c -I../Core/Inc -I../Drivers/STM32F4xx_HAL_Driver/Inc -I../Drivers/STM32F4xx_HAL_Driver/Inc/Legacy -I../Drivers/CMSIS/Device/ST/STM32F4xx/Include -I../Drivers/CMSIS/Include -O0 -ffunction-sections -fdata-sections -Wall -fstack-usage -fcyclomatic-complexity -MMD -MP -MF"Core/Src/main.d" -MT"Core/Src/main.o" --specs=nano.specs -mfpu=fpv4-sp-d16 -mfloat-abi=hard -mthumb -o "Core/Src/main.o"
arm-none-eabi-gcc -o "Laboratorio6STM.elf" @"objects.list"   -mcpu=cortex-m4 -T"C:\Users\bsmor\OneDrive\Documentos\GitHub\STM32progra\Laboratorio6\Laboratorio6STM\STM32F446RETX_FLASH.ld" --specs=nosys.specs -Wl,-Map="Laboratorio6STM.map" -Wl,--gc-sections -static --specs=nano.specs -mfpu=fpv4-sp-d16 -mfloat-abi=hard -mthumb -Wl,--start-group -lc -lm -Wl,--end-group
Finished building target: Laboratorio6STM.elf
 
arm-none-eabi-size  Laboratorio6STM.elf 
arm-none-eabi-objdump -h -S Laboratorio6STM.elf  > "Laboratorio6STM.list"
   text	   data	    bss	    dec	    hex	filename
  17416	     12	   1892	  19320	   4b78	Laboratorio6STM.elf
Finished building: default.size.stdout
 
Finished building: Laboratorio6STM.list
 

18:50:52 Build Finished. 0 errors, 0 warnings. (took 819ms)

